<html>
<body>
<pre>
<h1>µVision Build Log</h1>
<h2>Tool Versions:</h2>
IDE-Version: ¶ÃVision V5.25.2.0
Copyright (C) 2018 ARM Ltd and ARM Germany GmbH. All rights reserved.
License Information: li ASUS, ness1121, LIC=LSNXV-P5ABI-MMN9I-T4XGY-9BMK0-U3ENF
 
Tool Versions:
Toolchain:       MDK-ARM Plus  Version: 5.25.2.0
Toolchain Path:  D:\Keil uvision5 C51\ARM\ARMCC\Bin
C Compiler:      Armcc.exe V5.06 update 6 (build 750)
Assembler:       Armasm.exe V5.06 update 6 (build 750)
Linker/Locator:  ArmLink.exe V5.06 update 6 (build 750)
Library Manager: ArmAr.exe V5.06 update 6 (build 750)
Hex Converter:   FromElf.exe V5.06 update 6 (build 750)
CPU DLL:         SARMCM3.DLL V5.25.2.0
Dialog DLL:      DARMSTM.DLL V1.68.0.0
Target DLL:      UL2CM3.DLL V1.160.12.0
Dialog DLL:      TARMSTM.DLL V1.66.0.0
 
<h2>Project:</h2>
C:\Users\ASUS\Desktop\WIFI\stm32_ESP8266≤‚ ‘µ„µ∆≥…π¶\stm32_ESP8266\USER\stm32_ESP8266.uvprojx
Project File Date:  05/30/2021

<h2>Output:</h2>
*** Using Compiler 'V5.06 update 6 (build 750)', folder: 'D:\Keil uvision5 C51\ARM\ARMCC\Bin'
Build target 'TIMER'
compiling gizwits_protocol.c...
..\SYSTEM\Gizwits\gizwits_protocol.c(157): warning:  #550-D: variable "lastReportTime"  was set but never used
      static uint32_t lastReportTime = 0;
..\SYSTEM\Gizwits\gizwits_protocol.c(158): warning:  #550-D: variable "currentTime"  was set but never used
      uint32_t currentTime = 0;
..\SYSTEM\Gizwits\gizwits_protocol.c: 2 warnings, 0 errors
compiling gizwits_product.c...
compiling led.c...
compiling stm32f10x_it.c...
compiling system_stm32f10x.c...
compiling timer.c...
compiling key.c...
compiling delay.c...
compiling common.c...
compiling usart.c...
compiling usart3.c...
compiling main.c...
compiling ringbuffer.c...
compiling sys.c...
compiling dataPointTools.c...
compiling core_cm3.c...
compiling misc.c...
compiling stm32f10x_gpio.c...
compiling stm32f10x_rcc.c...
compiling stm32f10x_usart.c...
compiling stm32f10x_tim.c...
linking...
Program Size: Code=21304 RO-data=716 RW-data=80 ZI-data=2144  
FromELF: creating hex file...
"..\OBJ\TIMER.axf" - 0 Error(s), 2 Warning(s).

<h2>Software Packages used:</h2>

Package Vendor: Keil
                http://www.keil.com/pack/Keil.STM32F1xx_DFP.2.0.0.pack
                Keil.STM32F1xx_DFP.2.0.0
                STMicroelectronics STM32F1 Series Device Support, Drivers and Examples

<h2>Collection of Component include folders:</h2>
  .\RTE\_TIMER
  D:\Keil uvision5 C51\ARM\PACK\Keil\STM32F1xx_DFP\2.0.0\Device\Include

<h2>Collection of Component Files used:</h2>
Build Time Elapsed:  00:00:03
</pre>
</body>
</html>
